Script started on Sat 02 Apr 2011 04:47:43 PM EDT
carl@Duvel:~/ComputerSecurity/git/ComputerSecurity/CBCencdec$ ./edu_keygen my_keyy.priv my_key.pub 
carl@Duvel:~/ComputerSecurity/git/ComputerSecurity/CBCencdec$ yes "test" } [K[K| head  -1000 ? [K[K> a [K_file
carl@Duvel:~/ComputerSecurity/git/ComputerSecurity/CBCencdec$ ./edu_encrypt my_k eyp[K.pub a_file an_encrypted_file 
The Encrypted Data is:
 0xac773e05fda7c6f9ac3a3ca8be66bc30bae40324449ee9d71b27c7529a9ca54d4440b6734e7bd7feebbebe2b0eb877ffd9af88648b0a6674a3fc3a154ab3bdd4dd5587322070b6bf5e68b4c143676487c382dbc49fa9bf29cb28d1b14ff461d2dc44764ac403e6d0f52e73dd7a755e8eb9aee1d55f2a724733f31266c2ed463…²ÊR"Ş:xEöåÙPx­†¿€
carl@Duvel:~/ComputerSecurity/git/ComputerSecurity/CBCencdec$ ./edu_decrypt my_keey.priv an_encrypted_file a_decrypted_file
Hmac verfication...passed
created a_decrypted_file with plaintext
carl@Duvel:~/ComputerSecurity/git/ComputerSecurity/CBCencdec$ diff a_file an[K_decryypted_file 
carl@Duvel:~/ComputerSecurity/git/ComputerSecurity/CBCencdec$ e[Kyes "test" | head  -1015 > a_file
carl@Duvel:~/ComputerSecurity/git/ComputerSecurity/CBCencdec$ ./edu_encrypt my_keey.pub a_fie[Kle an_encrypted_file 
The Encrypted Data is:
 0xdba5b4da50e0d16ac6f6b9f1494c42f7d28bbf4243059f7dabecd3aca6a61f24be54cc7eb33d5e353b9157eb23b755d60c33bb15b72847ea2ec97dbed308d8a8e6da9ba9dbe35322c9a23d7d7253d1f0a50a9149070917d1c3f84f5f5e6903a7e784e98e161fa1090d9a0c3cb55dcb2dcd714e113b021d8ed9fb92a777c72fdïRã»T¿k)Ğâ¼(Wd4Õ‰g–]†{ª~…ïE½`ñMÃ§ñØOy›Sm›ShZ´|ßE¢Èú6¶HÿqÄ¡Á²t>0|ZJwÇº½v1Fg'•¶úĞ îÌı»ÈëvRÑğ:ÿÎaD+z*æªãu’›ÉKH‹qÅ¸=²ÕSuÍbü—×™åôøË;D8Rdcp•¦Úô“›?ïl:ôìV)øÒÊ÷YSdia¢-ãq(ö0Œg»&k2ûá„ø¸äuUC1/˜<”{¬ÛÓdõ£~¾+Iİg¥ÚZp€;ñ÷¿ÍÉÎıv¡Â®æóìHŞ”—†ı¬SÿÁX" Ø¨ÂÑü]´Ép™¬´Û€dè|_m¦n¶¤±oôÂ–Ãl
/p´óİzœOK«±Œuzæa®J›ÃÂT.œ)œîm½³µlÆ©äg!´$ªz¡Jÿn…_eB^+3H¸»×ªP*Hîü²¹ö¡„Ù¢½ÕÈú‚|¦3\B¥Ír¨[
lÎóH‡Æİª<`´¡Y(®õO!–¤»7Â¤’ËÍ§]Œ€r”ëòSdpi‚	}[Ğ‡é>M&…é”ŞhóìRî&U¢+İŞaÜÀÔr*Ğ®Æ[]Èaü‹2zEğóÖJV`gñtKbáÈ[@İ£noÉ°%½-ÌŸ\nšb*
G"cìºÑPŸ)Êw37:¯š¥È"&Sü+McqmeZ´ßİ‡Oâ	´‰g1aç<±“¿lît=u2ÂXhDã#FïTºWy0&W¯ßœo#J½6÷ğÎ¨¥¦FšUÅ¥MTO»£¤U×¹tN_ØT¥7ŒìØFÃ‚N¦´#MUPÕõ]âİ{iêÀ,é’~-ÌÔ0Õü‚öîºtÍhÜ¨@ÖuQİ_ÔÈF×¨¡+æª¢;wÇs‰£—9|H!¤…¸¶·÷}™Œç¼3N~¯³ĞŠcï,Ú^”ì…f“ËwÎU>çQ,åx;g¾3Ù LCç˜oá¨¦ĞÌ¦½à
carl@Duvel:~/ComputerSecurity/git/ComputerSecurity/CBCencdec$ ./edu_decrypt my_keey.priv a_[Kn_encrypted_file a_decrypted_file
Hmac verfication...passed
created a_decrypted_file with plaintext
carl@Duvel:~/ComputerSecurity/git/ComputerSecurity/CBCencdec$ a[Kdiff a_file a_decryypted_file 
carl@Duvel:~/ComputerSecurity/git/ComputerSecurity/CBCencdec$ touch an[K_empty_file M[C[C[C[C[C[C[C[C[C[C[C[C[C[C[C[C[C[C[C[C[C[C[C[C[C[C[C[C[C[C[C[C[C[C[C[C[C[C[C[C[C[C[C[C[C[C[C[C[C[C[C[C[C[C[C[C[C[C[C[C[C[C[C[C[C[C[C[C[C[C[C[C[C[C[C[C[C[C[C[Ke
carl@Duvel:~/ComputerSecurity/git/ComputerSecurity/CBCencdec$ ./edu_encrypt my_keey.pub a_empty_file an_empty_enc_file
The Encrypted Data is:
 0x6f5ab73e64d4aa1ac4a6bde61ad2bb1243d42fa95809d375bc48cd02fa175c397058ca444e25c2b9d3807ae992a0acb443828230fba94dbaaadbaa68b8f41a92b76aecb366692c4ef35f3051999b05edccb4635dc2addc45c17eb2b464b57afa72612cd5294dc65babb8aefb1562c5e1e277168ff348eaa29b905efda9cab78
—yÈqûŞEkì¼Èfª[–àÜÍä÷'O€gì:ï>K‰µª
carl@Duvel:~/ComputerSecurity/git/ComputerSecurity/CBCencdec$ ./edu_decrypt my_keey.priv an_empty_enc_file an_empty_dec_file
Hmac verfication...passed
created an_empty_dec_file with plaintext
carl@Duvel:~/ComputerSecurity/git/ComputerSecurity/CBCencdec$ diff a_empty_file  an_empty_dec_file 
carl@Duvel:~/ComputerSecurity/git/ComputerSecurity/CBCencdec$ yes "carl is the m an!" | head -1 > a_file
bash: !": event not found
carl@Duvel:~/ComputerSecurity/git/ComputerSecurity/CBCencdec$ diff a_empty_file aan_empty_dec_file M[C[C[C[C[C[C[C[C[C[C[C[C[C[C[C[C[C[C[C[C[C[C[C[C[C[C[C[C[C[C[C[C[C[C[C[C[C[C[C[C[C[C[C[C[C[C[C[C[C[C[C[C[C[C[C[C[C[C[C[C[C[C[C[C[C[C[C[C[C[C[C[C[C[C[C[C[C[C[C[K
[KM[C[C[C[C[C[C[C[C[C[C[C[C[C[C[C[C[C[C[C[C[C[C[C[C[C[C[C[C[C[C[C[C[C[C[C[C[C[C[C[C[C[C[C[C[C[C[C[C[C[C[C[C[C[C[C[C[C[C[C[C[C[Cdiff a_empty_file aan_empty_dec_file M[C[C[C[C[C[C[C[C[C[C[C[C[C[C[C[C[C[C[C[C[C[C[C[C[C[C[C[C[C[C[C[C[C[C[C[C[C[C[C[C[C[C[C[C./edu_decrypt my_key.priv an_empty_enc_file an_empty_dec_fileM[C[C[C[C[C[C[C[C[C[C[C[C[C[C[C[C[C[C[C[C[C[C[C[C[Cen
[C[C[C[C[6Pub a_empty_file an_empty_enc_fileM[C[C[C[C[C[C[C[C[C[C[C[C[C[C[C[C[C[C[C[C[C[C[C[C[Ctouch a_empty_file [KM[C[C[C[C[C[C[C[C[C[C[C[C[C[C[C[C[C[C[C[C[C[C[C[C[C[C[C[C[C[C[C[C[C[C[C[C[C[C[C[C[C[C[C[C[C[C[C[C[C[C[C[C[C[C[C[C[C[C[C[C[C[Cdiff a_file a_decryypted_file M[C[C[C[C[C[C[C[C[C[C[C[C[C[C[C[C[C[C[C[C[C[C[C[C[C[C[C[C[C[C[C[C[C[C[C[C[C[C[C[C[C[C[C[C[C[C[C[C[C[C[C./edu_decrypt my_key.priv an_encrypted_file a_decrypted_fileM[C[C[C[C[C[C[C[C[C[C[C[C[C[C[C[C[C[C[C[C[C[C[C[C[C[Cen
[C[C[C[C[10Pub a_file an_encrypted_file M[C[C[C[C[C[C[C[C[C[C[C[C[C[C[C[C[C[C[C[C[C[C[C[C[C[C[C[C[C[Cyes "test" | head -[18P1015 > a_fileM[C[C[C[C[C[C[C[C[C[C[C[C[C[C[C[C[C[C[C[C[C[C[C[C[C[C[C[C[C[C[C[C[C[C[C[C[C[C[C[C[C[C[C[C[C[C[C[Cdiff a_file a_decry[3Ppted_file M[C[C[C[C[C[C[C[C[C[C[C[C[C[C[C[C[C[C[C[C[C[C[C[C[C[C[C[C[C[C[C[C[C[C[C[C[C[C[C[C[C[C[C[C[C[C[C[C[C[C[C./edu_decrypt my_key.priv an_encrypted_file a_decrypted_fileM[C[C[C[C[C[C[C[C[C[C[C[C[C[C[C[C[C[C[C[C[C[C[C[C[C[Cen
[C[C[C[C[10Pub a_file an_encrypted_file M[C[C[C[C[C[C[C[C[C[C[C[C[C[C[C[C[C[C[C[C[C[C[C[C[C[C[C[C[C[Cyes "test" | head -[18P1000 > a_fileM[C[C[C[C[C[C[C[C[C[C[C[C[C[C[C[C[C[C[C[C[C[C[C[C[C[C[C[C[C[C[C[C[C[C[C[C[C[C[C[C[C[C[C[C[C[C[C[C./edu_encrypt my_key.pub a_file an_encrypted_file M[C[C[C[C[C[C[C[C[C[C[C[C[C[C[C[C[C[C[C[C[C[C[C[C[C[C[C[C[C[C[C[C[C[C[C[Cde
[C[C[C[Criv an_encrypted_file a_decrypted_fileM[C[C[C[C[C[C[C[C[C[C[C[C[C[C[C[C[C[C[C[Cdiff a_file a_decrypted_file [KM[C[C[C[C[C[C[C[C[C[C[C[C[C[C[C[C[C[C[C[C[C[C[C[C[C[C[C[C[C[C[C[C[C[C[C[C[C[C[C[C[C[C[C[C[C[C[C[C[C[C[Cyes "test" | head -1015 > a_fileM[C[C[C[C[C[C[C[C[C[C[C[C[C[C[C[C[C[C[C[C[C[C[C[C[C[C[C[C[C[C[C[C[C[C[C[C[C[C[C[C[C[C[C[C[C[C[C[C./edu_encrypt my_key.pub a_file an_encrypted_file M[C[C[C[C[C[C[C[C[C[C[C[C[C[C[C[C[C[C[C[C[C[C[C[C[C[C[C[C[C[C[C[C[C[C[C[Cde
[C[C[C[Criv an_encrypted_file a_decrypted_fileM[C[C[C[C[C[C[C[C[C[C[C[C[C[C[C[C[C[C[C[Cdiff a_file a_decrypted_file [KM[C[C[C[C[C[C[C[C[C[C[C[C[C[C[C[C[C[C[C[C[C[C[C[C[C[C[C[C[C[C[C[C[C[C[C[C[C[C[C[C[C[C[C[C[C[C[C[C[C[C[Ctouch a_empty_file [KM[C[C[C[C[C[C[C[C[C[C[C[C[C[C[C[C[C[C[C[C[C[C[C[C[C[C[C[C[C[C[C[C[C[C[C[C[C[C[C[C[C[C[C[C[C[C[C[C[C[C[C[C[C[C[C[C[C[C[C[C[C[C./edu_encrypt my_keey.pub a_empty_file an_empty_enc_fileM[C[C[C[C[C[C[C[C[C[C[C[C[C[C[C[C[C[C[C[C[C[C[C[C[C[C[C[C[C[C[Cde
[C[C[C[Criv an_empty_enc_file an_empty_dec_fileM[C[C[C[C[C[C[C[C[C[C[C[C[C[C[C[C[C[C[Cdiff a_empty_file a[25Pn_empty_dec_file M[C[C[C[C[C[C[C[C[C[C[C[C[C[C[C[C[C[C[C[C[C[C[C[C[C[C[C[C[C[C[C[C[C[C[C[C[C[C[C[C[C[C[C[C[K
[KM[C[C[C[C[C[C[C[C[C[C[C[C[C[C[C[C[C[C[C[C[C[C[C[C[C[C[C[C[C[C[C[C[C[C[C[C[C[C[C[C[C[C[C[C[C[C[C[C[C[C[C[C[C[C[C[C[C[C[C[C[C[Cyes "carl is th e[K[Ke m ann" | head -1 > a_file
carl@Duvel:~/ComputerSecurity/git/ComputerSecurity/CBCencdec$ ./yes "carl is the maann" | head -1 > a_fileM[C[C[C[C[C[C[C[C[C[C[C[C[C[C[C[C[C[C[C[C[C[C[C[C[C[C[C[C[C[C[C[C[C[C[C[C[C[C[Cdiff a_empty_file a[C[5P_empty_dec_file M[C[C[C[C[C[C[C[C[C[C[C[C[C[C[C[C[C[C[C[C[C[C[C[C[C[C[C[C[C[C[C[C[C[C[C[C[C[C[C[C[C[C[C[C./edu_decrypt my_key.priv an_empty_enc_file an_empty_dec_fileM[C[C[C[C[C[C[C[C[C[C[C[C[C[C[C[C[C[C[C[C[C[C[C[C[Cen
[C[C[C[C[6Pub a_empty_file an_empty_enc_fileM[C[C[C[C[C[C[C[C[C[C[C[C[C[C[C[C[C[C[C[C[C[C[C[C[Ctouch a_empty_file [KM[C[C[C[C[C[C[C[C[C[C[C[C[C[C[C[C[C[C[C[C[C[C[C[C[C[C[C[C[C[C[C[C[C[C[C[C[C[C[C[C[C[C[C[C[C[C[C[C[C[C[C[C[C[C[C[C[C[C[C[C[C[C./edu_encrypt my_keey.pub a_empty_file an_empty_enc_fileM[C[C[C[C[C[C[C[C[C[C[C[C[C[C[C[C[C[C[C[C[C[C[C[C[Ctouch a_empty_file [KM[C[C[C[C[C[C[C[C[C[C[C[C[C[C[C[C[C[C[C[C[C[C[C[C[C[C[C[C[C[C[C[C[C[C[C[C[C[C[C[C[C[C[C[C[C[C[C[C[C[C[C[C[C[C[C[C[C[C[C[C[C[Cdiff a_file a_decryypted_file M[C[C[C[C[C[C[C[C[C[C[C[C[C[C[C[C[C[C[C[C[C[C[C[C[C[C[C[C[C[C[C[C[C[C[C[C[C[C[C[C[C[C[C[C[C[C[C[C[C[C[C./edu_decrypt my_key.priv an_encrypted_file a_decrypted_fileM[C[C[C[C[C[C[C[C[C[C[C[C[C[C[C[C[C[C[C[C[C[C[C[C[C[Cen
[C[C[C[C[10Pub a_file an_encrypted_file M[C[C[C[C[C[C[C[C[C[C[C[C[C[C[C[C[C[C[C[C[C[C[C[C[C[C[C[C[C[Cyes "test" | head -[18P1015 > a_fileM[C[C[C[C[C[C[C[C[C[C[C[C[C[C[C[C[C[C[C[C[C[C[C[C[C[C[C[C[C[C[C[C[C[C[C[C[C[C[C[C[C[C[C[C[C[C[C[Cdiff a_file a_decry[3Ppted_file M[C[C[C[C[C[C[C[C[C[C[C[C[C[C[C[C[C[C[C[C[C[C[C[C[C[C[C[C[C[C[C[C[C[C[C[C[C[C[C[C[C[C[C[C[C[C[C[C[C[C[C./edu_decrypt my_key.priv an_encrypted_file a_decrypted_fileM[C[C[C[C[C[C[C[C[C[C[C[C[C[C[C[C[C[C[C[C[C[C[C[C[C[Cen
[C[C[C[C[10Pub a_file an_encrypted_file M[C[C[C[C[C[C[C[C[C[C[C[C[C[C[C[C[C[C[C[C[C[C[C[C[C[C[C[C[C[Cyes "test" | head -[18P1000 > a_fileM[C[C[C[C[C[C[C[C[C[C[C[C[C[C[C[C[C[C[C[C[C[C[C[C[C[C[C[C[C[C[C[C[C[C[C[C[C[C[C[C[C[C[C[C[C[C[C[C./edu_keygen my_key.priv my_key.pub M[C[C[C[C[C[C[C[C[C[C[C[C[C[C[C[C[C[C[C[C[C[C[C[C[C[C[C[C[C[C[C[C[C[C[C[C[C[C[C[C[C[C[C[Cexit[K
[KM[C[C[C[C[C[C[C[C[C[C[C[C[C[C[C[C[C[C[C[C[C[C[C[C[C[C[C[C[C[C[C[C[C[C[C[C[C[C[C[C[C[C[C[C[C[C[C[C[C[C[C[C[C[C[C[C[C[C[C[C[C[C[C[C[C[C./edu_decrypt my_keey.priv an_encrypted_file a_decrypted_fileM[C[C[C[C[C[C[C[C[C[C[C[C[C[C[C[C[C[C[C[C[C[C[C[C[C[Cen
[C[C[C[C[11Pub a_file an_encrypted_fileM[C[C[C[C[C[C[C[C[C[C[C[C[C[C[C[C[C[C[C[C[C[C[C[C[C[C[C[C[C[C[Cyes "test" | head  [16P-1000 > a_fileM[C[C[C[C[C[C[C[C[C[C[C[C[C[C[C[C[C[C[C[C[C[C[C[C[C[C[C[C[C[C[C[C[C[C[C[C[C[C[C[C[C[C[C[C[C[C[C./edu_encrypt my_key.pub a_file an_encrypted_file
The Encrypted Data is:
 0x450ecb23d7288be73b7c03ef392aafb7db88965547a333f30212fd101f66573724fe2897c9a527cda5c6aa2aa2bacbfa875de6338d0b1885e85383b29cc5204fc1367dee61af2a1e2b70132ab482579a16453479bbfdffb43f4a4e4e7e9830dfa2c22d4123f7cffbf5d1597d20136a5553b961a6674c36bef4256c814eeade9}r7ÅœuÚ+­BQ`
ãOGãİE:ˆœÔºaHv·ÇœÚ'#õrô‡CöİGí#¿€[•UH¤®¡ÆÇiÔà
carl@Duvel:~/ComputerSecurity/git/ComputerSecurity/CBCencdec$ ./edu_encrypt my_keey.pub a_file an_encrypted_fileM[C[C[C[C[C[C[C[C[C[C[C[C[C[C[C[C[C[C[C[C[C[C[C[C[C[C[C[C[C[C[Cyes "carl is the ma[8Pnn" | head -1 > a_fileM[C[C[C[C[C[C[C[C[C[C[C[C[C[C[C[C[C[C[C[C[C[C[C[C[C[C[C[C[C[C[C[C[C[C[C[C[C[C[Cdiff a_empty_file a[C[5P_empty_dec_file M[C[C[C[C[C[C[C[C[C[C[C[C[C[C[C[C[C[C[C[C[C[C[C[C[C[C[C[C[C[C[C[C[C[C[C[C[C[C[C[C[C[C[C[C./edu_decrypt my_key.priv an_empty_enc_file an_empty_dec_fileM[C[C[C[C[C[C[C[C[C[C[C[C[C[C[C[C[C[C[C[C[C[C[C[C[Cen
[C[C[C[C[6Pub a_empty_file an_empty_enc_fileM[C[C[C[C[C[C[C[C[C[C[C[C[C[C[C[C[C[C[C[C[C[C[C[C[Ctouch a_empty_file [KM[C[C[C[C[C[C[C[C[C[C[C[C[C[C[C[C[C[C[C[C[C[C[C[C[C[C[C[C[C[C[C[C[C[C[C[C[C[C[C[C[C[C[C[C[C[C[C[C[C[C[C[C[C[C[C[C[C[C[C[C[C[Cdiff a_file a_decryypted_file M[C[C[C[C[C[C[C[C[C[C[C[C[C[C[C[C[C[C[C[C[C[C[C[C[C[C[C[C[C[C[C[C[C[C[C[C[C[C[C[C[C[C[C[C[C[C[C[C[C[C[C./edu_decrypt my_key.priv an_encrypted_file a_decrypted_file
Hmac verfication...passed
created a_decrypted_file with plaintext
carl@Duvel:~/ComputerSecurity/git/ComputerSecurity/CBCencdec$ ./edu_decrypt my_keey.priv an_encrypted_file a_decrypted_fileM[C[C[C[C[C[C[C[C[C[C[C[C[C[C[C[C[C[C[C[C[C[C[C[C[C[Cen
[C[C[C[C[11Pub a_file an_encrypted_fileM[C[C[C[C[C[C[C[C[C[C[C[C[C[C[C[C[C[C[C[C[C[C[C[C[C[C[C[C[C[C[Cyes "carl is the ma[8Pnn" | head -1 > a_fileM[C[C[C[C[C[C[C[C[C[C[C[C[C[C[C[C[C[C[C[C[C[C[C[C[C[C[C[C[C[C[C[C[C[C[C[C[C[C[Cdiff a_empty_file a[C[5P_empty_dec_file M[C[C[C[C[C[C[C[C[C[C[C[C[C[C[C[C[C[C[C[C[C[C[C[C[C[C[C[C[C[C[C[C[C[C[C[C[C[C[C[C[C[C[C[C./edu_decrypt my_key.priv an_empty_enc_file an_empty_dec_fileM[C[C[C[C[C[C[C[C[C[C[C[C[C[C[C[C[C[C[C[C[C[C[C[C[Cen
[C[C[C[C[6Pub a_empty_file an_empty_enc_fileM[C[C[C[C[C[C[C[C[C[C[C[C[C[C[C[C[C[C[C[C[C[C[C[C[Ctouch a_empty_file [KM[C[C[C[C[C[C[C[C[C[C[C[C[C[C[C[C[C[C[C[C[C[C[C[C[C[C[C[C[C[C[C[C[C[C[C[C[C[C[C[C[C[C[C[C[C[C[C[C[C[C[C[C[C[C[C[C[C[C[C[C[C[Cdiff a_file a_decryypted_file 
carl@Duvel:~/ComputerSecurity/git/ComputerSecurity/CBCencdec$ diff a_file a_decryypted_file M[C[C[C[C[C[C[C[C[C[C[C[C[C[C[C[C[C[C[C[C[C[C[C[C[C[C[C[C[C[C[C[C[C[C[C[C[C[C[C[C[C[C[C[C[C[C[C[C[C[C[C./edu_decrypt my_key.priv an_encrypted_file a_decrypted_fileM[C[C[C[C[C[C[C[C[C[C[C[C[C[C[C[C[C[C[C[C[C[C[C[C[C[Cen
[C[C[C[C[11Pub a_file an_encrypted_fileM[C[C[C[C[C[C[C[C[C[C[C[C[C[C[C[C[C[C[C[C[C[C[C[C[C[C[C[C[C[C[Cyes "carl is the ma[8Pnn" | head -1 > a_fileM[C[C[C[C[C[C[C[C[C[C[C[C[C[C[C[C[C[C[C[C[C[C[C[C[C[C[C[C[C[C[C[C[C[C[C[C[C[C[Cdiff a_empty_file a[C[5P_empty_dec_file M[C[C[C[C[C[C[C[C[C[C[C[C[C[C[C[C[C[C[C[C[C[C[C[C[C[C[C[C[C[C[C[C[C[C[C[C[C[C[C[C[C[C[C[Cyes "carl is the ma[Cn" | head -1 > a_file[1@a[1@a[1@a[1@a[1@a[1@a[1@a[1@a[1P[C[C[C[C[C[C[C[C[C[C[C[C[C[C[C[C[C[C[C[C
carl@Duvel:~/ComputerSecurity/git/ComputerSecurity/CBCencdec$ yes "carl is the maannaaaaaaa" | head -1 > a_fileM[C[C[C[C[C[C[C[C[C[C[C[C[C[C[C[C[C[C[C[C[C[C[C[C[C[C[C[C[C[C[C[Cdiff a_file a_decry[19Ppted_file M[C[C[C[C[C[C[C[C[C[C[C[C[C[C[C[C[C[C[C[C[C[C[C[C[C[C[C[C[C[C[C[C[C[C[C[C[C[C[C[C[C[C[C[C[C[C[C[C[C[C[C./edu_decrypt my_key.priv an_encrypted_file a_decrypted_fileM[C[C[C[C[C[C[C[C[C[C[C[C[C[C[C[C[C[C[C[C[C[C[C[C[C[Cen
[C[C[C[C[11Pub a_file an_encrypted_file
The Encrypted Data is:
 0x927a0357968517ae5e35a5577dc4ad671245b397593a9ad173eab9f17ebbd67beb6d6af9f8f4706bbac72d43171e60bd7a10ebd88db3e304ef991c992f198d57bbf8690b22ad9638484f5f397c0f7152460c9843f131f961ee016373291f43998f05018f7c70892955803e4cd1c7db86c7cd6e05fed7d9b0141f70a8fd56d5f˜q¯ÓH¾ü~µÑ5MnÃÇ&0C–å¸ı§}óÑh3Õ‡4Õ ± ÖE}
carl@Duvel:~/ComputerSecurity/git/ComputerSecurity/CBCencdec$ ./edu_encrypt my_keey.pub a_file an_encrypted_fileM[C[C[C[C[C[C[C[C[C[C[C[C[C[C[C[C[C[C[C[C[C[C[C[C[C[C[C[C[C[C[Cyes "carl is the ma[1Pnnaaaaaaa" | head -1 > a_fileM[C[C[C[C[C[C[C[C[C[C[C[C[C[C[C[C[C[C[C[C[C[C[C[C[C[C[C[C[C[C[C[Cdiff a_file a_decry[19Ppted_file M[C[C[C[C[C[C[C[C[C[C[C[C[C[C[C[C[C[C[C[C[C[C[C[C[C[C[C[C[C[C[C[C[C[C[C[C[C[C[C[C[C[C[C[C[C[C[C[C[C[C[C./edu_decrypt my_key.priv an_encrypted_file a_decrypted_file
Hmac verfication...passed
created a_decrypted_file with plaintext
carl@Duvel:~/ComputerSecurity/git/ComputerSecurity/CBCencdec$ ./edu_decrypt my_keey.priv an_encrypted_file a_decrypted_fileM[C[C[C[C[C[C[C[C[C[C[C[C[C[C[C[C[C[C[C[C[C[C[C[C[C[Cen
[C[C[C[C[11Pub a_file an_encrypted_fileM[C[C[C[C[C[C[C[C[C[C[C[C[C[C[C[C[C[C[C[C[C[C[C[C[C[C[C[C[C[C[Cyes "carl is the ma[1Pnnaaaaaaa" | head -1 > a_fileM[C[C[C[C[C[C[C[C[C[C[C[C[C[C[C[C[C[C[C[C[C[C[C[C[C[C[C[C[C[C[C[Cdiff a_file a_decry[19Ppted_file 
carl@Duvel:~/ComputerSecurity/git/ComputerSecurity/CBCencdec$ exit

Script done on Sat 02 Apr 2011 04:59:01 PM EDT
